// Jest Snapshot v1, https://goo.gl/fbAQLP

exports[`renders demo correctly 1`] = `
<div>
  <div>
    <div class="demo-button-row"><button class="van-button van-button--primary van-button--normal">
        <div class="van-button__content"><span class="van-button__text">主要按钮</span></div>
      </button> <button class="van-button van-button--info van-button--normal">
        <div class="van-button__content"><span class="van-button__text">信息按钮</span></div>
      </button> <button class="van-button van-button--default van-button--normal">
        <div class="van-button__content"><span class="van-button__text">默认按钮</span></div>
      </button></div> <button class="van-button van-button--danger van-button--normal">
      <div class="van-button__content"><span class="van-button__text">危险按钮</span></div>
    </button> <button class="van-button van-button--warning van-button--normal">
      <div class="van-button__content"><span class="van-button__text">警告按钮</span></div>
    </button>
  </div>
  <div><button class="van-button van-button--primary van-button--normal van-button--plain">
      <div class="van-button__content"><span class="van-button__text">朴素按钮</span></div>
    </button> <button class="van-button van-button--info van-button--normal van-button--plain">
      <div class="van-button__content"><span class="van-button__text">朴素按钮</span></div>
    </button></div>
  <div><button class="van-button van-button--primary van-button--normal van-button--plain van-button--hairline van-hairline--surround">
      <div class="van-button__content"><span class="van-button__text">细边框按钮</span></div>
    </button> <button class="van-button van-button--info van-button--normal van-button--plain van-button--hairline van-hairline--surround">
      <div class="van-button__content"><span class="van-button__text">细边框按钮</span></div>
    </button></div>
  <div><button disabled="disabled" class="van-button van-button--primary van-button--normal van-button--disabled">
      <div class="van-button__content"><span class="van-button__text">禁用状态</span></div>
    </button> <button disabled="disabled" class="van-button van-button--info van-button--normal van-button--disabled">
      <div class="van-button__content"><span class="van-button__text">禁用状态</span></div>
    </button></div>
  <div><button class="van-button van-button--primary van-button--normal van-button--loading">
      <div class="van-button__content">
        <div class="van-loading van-loading--circular van-button__loading"><span class="van-loading__spinner van-loading__spinner--circular" style="color: currentColor; width: 20px; height: 20px;"><svg viewBox="25 25 50 50" class="van-loading__circular"><circle cx="50" cy="50" r="20" fill="none"></circle></svg></span></div>
      </div>
    </button> <button class="van-button van-button--primary van-button--normal van-button--loading">
      <div class="van-button__content">
        <div class="van-loading van-loading--spinner van-button__loading"><span class="van-loading__spinner van-loading__spinner--spinner" style="color: currentColor; width: 20px; height: 20px;"><i></i><i></i><i></i><i></i><i></i><i></i><i></i><i></i><i></i><i></i><i></i><i></i></span></div>
      </div>
    </button> <button class="van-button van-button--info van-button--normal van-button--loading">
      <div class="van-button__content">
        <div class="van-loading van-loading--circular van-button__loading"><span class="van-loading__spinner van-loading__spinner--circular" style="color: currentColor; width: 20px; height: 20px;"><svg viewBox="25 25 50 50" class="van-loading__circular"><circle cx="50" cy="50" r="20" fill="none"></circle></svg></span></div><span class="van-button__text">加载中...</span>
      </div>
    </button></div>
  <div><button class="van-button van-button--primary van-button--normal van-button--square">
      <div class="van-button__content"><span class="van-button__text">方形按钮</span></div>
    </button> <button class="van-button van-button--info van-button--normal van-button--round">
      <div class="van-button__content"><span class="van-button__text">圆形按钮</span></div>
    </button></div>
  <div><button class="van-button van-button--primary van-button--normal">
      <div class="van-button__content"><i class="van-icon van-icon-plus van-button__icon">
          <!----></i></div>
    </button> <button class="van-button van-button--primary van-button--normal">
      <div class="van-button__content"><i class="van-icon van-icon-plus van-button__icon">
          <!----></i><span class="van-button__text">按钮</span></div>
    </button> <button class="van-button van-button--info van-button--normal van-button--plain">
      <div class="van-button__content"><i class="van-icon van-button__icon"><img src="https://img01.yzcdn.cn/vant/user-active.png" class="van-icon__image">
          <!----></i><span class="van-button__text">按钮</span></div>
    </button></div>
  <div><button class="van-button van-button--primary van-button--large">
      <div class="van-button__content"><span class="van-button__text">大号按钮</span></div>
    </button> <button class="van-button van-button--primary van-button--normal">
      <div class="van-button__content"><span class="van-button__text">普通按钮</span></div>
    </button> <button class="van-button van-button--primary van-button--small">
      <div class="van-button__content"><span class="van-button__text">小型按钮</span></div>
    </button> <button class="van-button van-button--primary van-button--mini">
      <div class="van-button__content"><span class="van-button__text">迷你按钮</span></div>
    </button></div>
  <div><button class="van-button van-button--primary van-button--normal van-button--block">
      <div class="van-button__content"><span class="van-button__text">块级元素</span></div>
    </button></div>
  <div><button class="van-button van-button--primary van-button--normal">
      <div class="van-button__content"><span class="van-button__text">URL 跳转</span></div>
    </button> <button class="van-button van-button--primary van-button--normal">
      <div class="van-button__content"><span class="van-button__text">路由跳转</span></div>
    </button></div>
  <div><button class="van-button van-button--default van-button--normal" style="color: white; background: rgb(114, 50, 221); border-color: #7232dd;">
      <div class="van-button__content"><span class="van-button__text">单色按钮</span></div>
    </button> <button class="van-button van-button--default van-button--normal van-button--plain" style="color: rgb(114, 50, 221); border-color: #7232dd;">
      <div class="van-button__content"><span class="van-button__text">单色按钮</span></div>
    </button> <button class="van-button van-button--default van-button--normal" style="color: white; border: 0px;">
      <div class="van-button__content"><span class="van-button__text">渐变色按钮</span></div>
    </button></div>
</div>
`;
