// Jest Snapshot v1, https://goo.gl/fbAQLP

exports[`should render demo and match snapshot 1`] = `
<div class="van-grid">
  <div class="van-grid-item"
       style="flex-basis: 50%;"
  >
    <div class="van-grid-item__content van-grid-item__content--center">
      <h3 class="demo-sidebar-title">
        Basic Usage
      </h3>
      <div class="van-sidebar">
        <a class="van-sidebar-item van-sidebar-item--select">
          <div class="van-badge__wrapper van-sidebar-item__text">
            Title
          </div>
        </a>
        <a class="van-sidebar-item">
          <div class="van-badge__wrapper van-sidebar-item__text">
            Title
          </div>
        </a>
        <a class="van-sidebar-item">
          <div class="van-badge__wrapper van-sidebar-item__text">
            Title
          </div>
        </a>
      </div>
    </div>
  </div>
  <div class="van-grid-item"
       style="flex-basis: 50%;"
  >
    <div class="van-grid-item__content van-grid-item__content--center">
      <h3 class="demo-sidebar-title">
        Show Badge
      </h3>
      <div class="van-sidebar">
        <a class="van-sidebar-item van-sidebar-item--select">
          <div class="van-badge__wrapper van-sidebar-item__text">
            Title
            <div class="van-badge van-badge--dot van-badge--fixed">
            </div>
          </div>
        </a>
        <a class="van-sidebar-item">
          <div class="van-badge__wrapper van-sidebar-item__text">
            Title
            <div class="van-badge van-badge--fixed">
              5
            </div>
          </div>
        </a>
        <a class="van-sidebar-item">
          <div class="van-badge__wrapper van-sidebar-item__text">
            Title
            <div class="van-badge van-badge--fixed">
              20
            </div>
          </div>
        </a>
      </div>
    </div>
  </div>
  <div class="van-grid-item"
       style="flex-basis: 50%;"
  >
    <div class="van-grid-item__content van-grid-item__content--center">
      <h3 class="demo-sidebar-title">
        Disabled
      </h3>
      <div class="van-sidebar">
        <a class="van-sidebar-item van-sidebar-item--select">
          <div class="van-badge__wrapper van-sidebar-item__text">
            Title
          </div>
        </a>
        <a class="van-sidebar-item van-sidebar-item--disabled">
          <div class="van-badge__wrapper van-sidebar-item__text">
            Title
          </div>
        </a>
        <a class="van-sidebar-item">
          <div class="van-badge__wrapper van-sidebar-item__text">
            Title
          </div>
        </a>
      </div>
    </div>
  </div>
  <div class="van-grid-item"
       style="flex-basis: 50%;"
  >
    <div class="van-grid-item__content van-grid-item__content--center">
      <h3 class="demo-sidebar-title">
        Change Event
      </h3>
      <div class="van-sidebar">
        <a class="van-sidebar-item van-sidebar-item--select">
          <div class="van-badge__wrapper van-sidebar-item__text">
            Title 1
          </div>
        </a>
        <a class="van-sidebar-item">
          <div class="van-badge__wrapper van-sidebar-item__text">
            Title 2
          </div>
        </a>
        <a class="van-sidebar-item">
          <div class="van-badge__wrapper van-sidebar-item__text">
            Title 3
          </div>
        </a>
      </div>
    </div>
  </div>
</div>
`;
