// Jest Snapshot v1, https://goo.gl/fbAQLP

exports[`close-icon prop 1`] = `
<div class="van-popup van-popup--center" name="van-fade"><i role="button" tabindex="0" class="van-icon van-icon-success van-popup__close-icon van-popup__close-icon--top-right">
    <!----></i></div>
`;

exports[`duration prop 1`] = `<div class="van-popup van-popup--center" style="transition-duration: 0.5s;" name="van-fade"></div>`;

exports[`reset z-index 1`] = `<div class="van-popup van-popup--center" name="van-fade"></div>`;

exports[`round prop 1`] = `<div class="van-popup van-popup--round van-popup--center" name="van-fade"></div>`;
