// Jest Snapshot v1, https://goo.gl/fbAQLP

exports[`renders demo correctly 1`] = `
<div>
  <div>
    <div role="button" tabindex="0" class="van-cell van-cell--clickable van-coupon-cell">
      <div class="van-cell__title"><span>优惠券</span></div>
      <div class="van-cell__value van-coupon-cell__value"><span>2张可用</span></div><i class="van-icon van-icon-arrow van-cell__right-icon">
        <!----></i>
    </div>
    <!---->
  </div>
</div>
`;
