// Jest Snapshot v1, https://goo.gl/fbAQLP

exports[`renders demo correctly 1`] = `
<div>
  <div>
    <div role="button" tabindex="0" class="van-cell van-cell--clickable van-cell--center van-cell--borderless van-contact-card van-contact-card--add"><i class="van-icon van-icon-add-square van-cell__left-icon">
        <!----></i>
      <div class="van-cell__value van-cell__value--alone van-contact-card__value">添加联系人</div><i class="van-icon van-icon-arrow van-cell__right-icon">
        <!----></i>
    </div>
  </div>
  <div>
    <div role="button" tabindex="0" class="van-cell van-cell--clickable van-cell--center van-cell--borderless van-contact-card van-contact-card--edit"><i class="van-icon van-icon-contact van-cell__left-icon">
        <!----></i>
      <div class="van-cell__value van-cell__value--alone van-contact-card__value">
        <div>张三：张三</div>
        <div>电话：13000000000</div>
      </div><i class="van-icon van-icon-arrow van-cell__right-icon">
        <!----></i>
    </div>
  </div>
  <div>
    <div class="van-cell van-cell--center van-cell--borderless van-contact-card van-contact-card--edit"><i class="van-icon van-icon-contact van-cell__left-icon">
        <!----></i>
      <div class="van-cell__value van-cell__value--alone van-contact-card__value">
        <div>张三：张三</div>
        <div>电话：13000000000</div>
      </div>
    </div>
  </div>
</div>
`;
