// Jest Snapshot v1, https://goo.gl/fbAQLP

exports[`renders demo correctly 1`] = `
<div>
  <div>
    <div>
      <div class="van-swipe-cell">
        <div class="van-swipe-cell__wrapper" style="transform: translate3d(0px, 0, 0); transition-duration: .6s;">
          <div class="van-swipe-cell__left"><button class="van-button van-button--primary van-button--normal van-button--square">
              <div class="van-button__content"><span class="van-button__text">选择</span></div>
            </button></div>
          <div class="van-cell van-cell--borderless">
            <div class="van-cell__title"><span>单元格</span></div>
            <div class="van-cell__value"><span>内容</span></div>
          </div>
          <div class="van-swipe-cell__right"><button class="van-button van-button--danger van-button--normal van-button--square">
              <div class="van-button__content"><span class="van-button__text">删除</span></div>
            </button> <button class="van-button van-button--primary van-button--normal van-button--square">
              <div class="van-button__content"><span class="van-button__text">收藏</span></div>
            </button></div>
        </div>
      </div>
    </div>
    <div>
      <div class="van-swipe-cell">
        <div class="van-swipe-cell__wrapper" style="transform: translate3d(0px, 0, 0); transition-duration: .6s;">
          <div class="van-card">
            <div class="van-card__header"><a class="van-card__thumb">
                <div class="van-image" style="width: 100%; height: 100%;"><img src="https://img01.yzcdn.cn/vant/ipad.jpeg" class="van-image__img" style="object-fit: cover;">
                  <div class="van-image__loading"><i class="van-icon van-icon-photo van-image__loading-icon">
                      <!----></i></div>
                </div>
              </a>
              <div class="van-card__content">
                <div>
                  <div class="van-card__title van-multi-ellipsis--l2">商品标题</div>
                  <div class="van-card__desc van-ellipsis">描述信息</div>
                </div>
                <div class="van-card__bottom">
                  <div class="van-card__price">
                    <div><span class="van-card__price-currency">¥</span><span class="van-card__price-integer">2</span>.<span class="van-card__price-decimal">00</span></div>
                  </div>
                  <div class="van-card__num">x2</div>
                </div>
              </div>
            </div>
          </div>
          <div class="van-swipe-cell__right"><button class="delete-button van-button van-button--danger van-button--normal van-button--square">
              <div class="van-button__content"><span class="van-button__text">删除</span></div>
            </button></div>
        </div>
      </div>
    </div>
    <div>
      <div class="van-swipe-cell">
        <div class="van-swipe-cell__wrapper" style="transform: translate3d(0px, 0, 0); transition-duration: .6s;">
          <div class="van-swipe-cell__left"><button class="van-button van-button--primary van-button--normal van-button--square">
              <div class="van-button__content"><span class="van-button__text">选择</span></div>
            </button></div>
          <div class="van-cell van-cell--borderless">
            <div class="van-cell__title"><span>单元格</span></div>
            <div class="van-cell__value"><span>内容</span></div>
          </div>
          <div class="van-swipe-cell__right"><button class="van-button van-button--danger van-button--normal van-button--square">
              <div class="van-button__content"><span class="van-button__text">删除</span></div>
            </button></div>
        </div>
      </div>
    </div>
  </div>
</div>
`;
